hugo@hugo-ubuntu:~/Desktop/Cours/quetes/git$ git status
On branch wcs
Your branch is up-to-date with 'origin/wcs'.

Untracked files:
  (use "git add <file>..." to include in what will be committed)

	.gitignore

nothing added to commit but untracked files present (use "git add" to track)
hugo@hugo-ubuntu:~/Desktop/Cours/quetes/git$ clear













hugo@hugo-ubuntu:~/Desktop/Cours/quetes/git$ git status
On branch wcs
Your branch is up-to-date with 'origin/wcs'.

nothing to commit, working tree clean
hugo@hugo-ubuntu:~/Desktop/Cours/quetes/git$ git checkout master
Switched to branch 'master'
Your branch is up-to-date with 'origin/master'.
hugo@hugo-ubuntu:~/Desktop/Cours/quetes/git$ git pull origin master
From https://github.com/HugoBoxFr/git-remote
 * branch            master     -> FETCH_HEAD
Already up-to-date.
hugo@hugo-ubuntu:~/Desktop/Cours/quetes/git$ git merge wcs
Updating d539d40..c4f9624
Fast-forward
 README.md | 2 +-
 wild.php  | 0
 2 files changed, 1 insertion(+), 1 deletion(-)
 create mode 100644 wild.php
 hugo@hugo-ubuntu:~/Desktop/Cours/quetes/git$ git status
On branch master
Your branch is ahead of 'origin/master' by 2 commits.
  (use "git push" to publish your local commits)

nothing to commit, working tree clean
hugo@hugo-ubuntu:~/Desktop/Cours/quetes/git$ tree
.
├── README.md
└── wild.php

0 directories, 2 files
hugo@hugo-ubuntu:~/Desktop/Cours/quetes/git$ git push
Username for 'https://github.com': HugoBoxFr  
Password for 'https://HugoBoxFr@github.com': 
Counting objects: 6, done.
Delta compression using up to 4 threads.
Compressing objects: 100% (4/4), done.
Writing objects: 100% (6/6), 953 bytes | 953.00 KiB/s, done.
Total 6 (delta 0), reused 0 (delta 0)
To https://github.com/HugoBoxFr/git-remote.git
   d539d40..c4f9624  master -> master
hugo@hugo-ubuntu:~/Desktop/Cours/quetes/git$

